C:\Users\hugo.pageaux\Documents\GitHub\SN2_SFL3_Deboxeur_23\Ressource_sfl3\Cognex_23\CognexBRinsight7000\DemoV1_5\Cognex_V1_5\Logical\Global.typ
C:\Users\hugo.pageaux\Documents\GitHub\SN2_SFL3_Deboxeur_23\Ressource_sfl3\Cognex_23\CognexBRinsight7000\DemoV1_5\Cognex_V1_5\Logical\Global.var
C:\Users\hugo.pageaux\Documents\GitHub\SN2_SFL3_Deboxeur_23\Ressource_sfl3\Cognex_23\CognexBRinsight7000\DemoV1_5\Cognex_V1_5\Logical\Libraries\Operator\operator.fun
C:\Users\hugo.pageaux\Documents\GitHub\SN2_SFL3_Deboxeur_23\Ressource_sfl3\Cognex_23\CognexBRinsight7000\DemoV1_5\Cognex_V1_5\Logical\Libraries\Runtime\runtime.var
C:\Users\hugo.pageaux\Documents\GitHub\SN2_SFL3_Deboxeur_23\Ressource_sfl3\Cognex_23\CognexBRinsight7000\DemoV1_5\Cognex_V1_5\Logical\Libraries\Runtime\runtime.typ
C:\Users\hugo.pageaux\Documents\GitHub\SN2_SFL3_Deboxeur_23\Ressource_sfl3\Cognex_23\CognexBRinsight7000\DemoV1_5\Cognex_V1_5\Logical\Libraries\Runtime\runtime.fun
C:\Users\hugo.pageaux\Documents\GitHub\SN2_SFL3_Deboxeur_23\Ressource_sfl3\Cognex_23\CognexBRinsight7000\DemoV1_5\Cognex_V1_5\Logical\Libraries\AsTime\astime.var
C:\Users\hugo.pageaux\Documents\GitHub\SN2_SFL3_Deboxeur_23\Ressource_sfl3\Cognex_23\CognexBRinsight7000\DemoV1_5\Cognex_V1_5\Logical\Libraries\AsTime\astime.typ
C:\Users\hugo.pageaux\Documents\GitHub\SN2_SFL3_Deboxeur_23\Ressource_sfl3\Cognex_23\CognexBRinsight7000\DemoV1_5\Cognex_V1_5\Logical\Libraries\AsTime\astime.fun
C:\Users\hugo.pageaux\Documents\GitHub\SN2_SFL3_Deboxeur_23\Ressource_sfl3\Cognex_23\CognexBRinsight7000\DemoV1_5\Cognex_V1_5\Logical\Libraries\AsIecCon\AsIecCon.fun
C:\Users\hugo.pageaux\Documents\GitHub\SN2_SFL3_Deboxeur_23\Ressource_sfl3\Cognex_23\CognexBRinsight7000\DemoV1_5\Cognex_V1_5\Logical\Libraries\sys_lib\sys_lib.var
C:\Users\hugo.pageaux\Documents\GitHub\SN2_SFL3_Deboxeur_23\Ressource_sfl3\Cognex_23\CognexBRinsight7000\DemoV1_5\Cognex_V1_5\Logical\Libraries\sys_lib\sys_lib.typ
C:\Users\hugo.pageaux\Documents\GitHub\SN2_SFL3_Deboxeur_23\Ressource_sfl3\Cognex_23\CognexBRinsight7000\DemoV1_5\Cognex_V1_5\Logical\Libraries\sys_lib\sys_lib.fun
C:\Users\hugo.pageaux\Documents\GitHub\SN2_SFL3_Deboxeur_23\Ressource_sfl3\Cognex_23\CognexBRinsight7000\DemoV1_5\Cognex_V1_5\Logical\Libraries\asstring\asstring.fun
C:\Users\hugo.pageaux\Documents\GitHub\SN2_SFL3_Deboxeur_23\Ressource_sfl3\Cognex_23\CognexBRinsight7000\DemoV1_5\Cognex_V1_5\Logical\Libraries\FileIO\FileIO.var
C:\Users\hugo.pageaux\Documents\GitHub\SN2_SFL3_Deboxeur_23\Ressource_sfl3\Cognex_23\CognexBRinsight7000\DemoV1_5\Cognex_V1_5\Logical\Libraries\FileIO\FileIO.typ
C:\Users\hugo.pageaux\Documents\GitHub\SN2_SFL3_Deboxeur_23\Ressource_sfl3\Cognex_23\CognexBRinsight7000\DemoV1_5\Cognex_V1_5\Logical\Libraries\FileIO\FileIO.fun
C:\Users\hugo.pageaux\Documents\GitHub\SN2_SFL3_Deboxeur_23\Ressource_sfl3\Cognex_23\CognexBRinsight7000\DemoV1_5\Cognex_V1_5\Logical\Libraries\Visapi\Visapi.typ
C:\Users\hugo.pageaux\Documents\GitHub\SN2_SFL3_Deboxeur_23\Ressource_sfl3\Cognex_23\CognexBRinsight7000\DemoV1_5\Cognex_V1_5\Logical\Libraries\Visapi\Visapi.fun
C:\Users\hugo.pageaux\Documents\GitHub\SN2_SFL3_Deboxeur_23\Ressource_sfl3\Cognex_23\CognexBRinsight7000\DemoV1_5\Cognex_V1_5\Logical\Libraries\Visapi\Visapi.var
C:\Users\hugo.pageaux\Documents\GitHub\SN2_SFL3_Deboxeur_23\Ressource_sfl3\Cognex_23\CognexBRinsight7000\DemoV1_5\Cognex_V1_5\Logical\Libraries\AsTCP\AsTCP.var
C:\Users\hugo.pageaux\Documents\GitHub\SN2_SFL3_Deboxeur_23\Ressource_sfl3\Cognex_23\CognexBRinsight7000\DemoV1_5\Cognex_V1_5\Logical\Libraries\AsTCP\AsTCP.typ
C:\Users\hugo.pageaux\Documents\GitHub\SN2_SFL3_Deboxeur_23\Ressource_sfl3\Cognex_23\CognexBRinsight7000\DemoV1_5\Cognex_V1_5\Logical\Libraries\AsTCP\AsTCP.fun
C:\Users\hugo.pageaux\Documents\GitHub\SN2_SFL3_Deboxeur_23\Ressource_sfl3\Cognex_23\CognexBRinsight7000\DemoV1_5\Cognex_V1_5\Logical\Libraries\AsICMP\AsICMP.var
C:\Users\hugo.pageaux\Documents\GitHub\SN2_SFL3_Deboxeur_23\Ressource_sfl3\Cognex_23\CognexBRinsight7000\DemoV1_5\Cognex_V1_5\Logical\Libraries\AsICMP\AsICMP.fun
C:\Users\hugo.pageaux\Documents\GitHub\SN2_SFL3_Deboxeur_23\Ressource_sfl3\Cognex_23\CognexBRinsight7000\DemoV1_5\Cognex_V1_5\Logical\Libraries\standard\standard.fun
C:\Users\hugo.pageaux\Documents\GitHub\SN2_SFL3_Deboxeur_23\Ressource_sfl3\Cognex_23\CognexBRinsight7000\DemoV1_5\Cognex_V1_5\Logical\Libraries\BR_ATL_LOG\BR_ATL_LOG.typ
C:\Users\hugo.pageaux\Documents\GitHub\SN2_SFL3_Deboxeur_23\Ressource_sfl3\Cognex_23\CognexBRinsight7000\DemoV1_5\Cognex_V1_5\Logical\Libraries\BR_ATL_LOG\BR_ATL_LOG.var
C:\Users\hugo.pageaux\Documents\GitHub\SN2_SFL3_Deboxeur_23\Ressource_sfl3\Cognex_23\CognexBRinsight7000\DemoV1_5\Cognex_V1_5\Logical\Libraries\BR_ATL_LOG\BR_ATL_LOG.fun
C:\Users\hugo.pageaux\Documents\GitHub\SN2_SFL3_Deboxeur_23\Ressource_sfl3\Cognex_23\CognexBRinsight7000\DemoV1_5\Cognex_V1_5\Logical\Libraries\BR_ATL_BMP\BR_ATL_BMP.typ
C:\Users\hugo.pageaux\Documents\GitHub\SN2_SFL3_Deboxeur_23\Ressource_sfl3\Cognex_23\CognexBRinsight7000\DemoV1_5\Cognex_V1_5\Logical\Libraries\BR_ATL_BMP\BR_ATL_BMP.var
C:\Users\hugo.pageaux\Documents\GitHub\SN2_SFL3_Deboxeur_23\Ressource_sfl3\Cognex_23\CognexBRinsight7000\DemoV1_5\Cognex_V1_5\Logical\Libraries\BR_ATL_BMP\BR_ATL_BMP.fun
C:\Users\hugo.pageaux\Documents\GitHub\SN2_SFL3_Deboxeur_23\Ressource_sfl3\Cognex_23\CognexBRinsight7000\DemoV1_5\Cognex_V1_5\Logical\Libraries\BR_ATL_COG\BR_ATL_COG.typ
C:\Users\hugo.pageaux\Documents\GitHub\SN2_SFL3_Deboxeur_23\Ressource_sfl3\Cognex_23\CognexBRinsight7000\DemoV1_5\Cognex_V1_5\Logical\Libraries\BR_ATL_COG\BR_ATL_COG.var
C:\Users\hugo.pageaux\Documents\GitHub\SN2_SFL3_Deboxeur_23\Ressource_sfl3\Cognex_23\CognexBRinsight7000\DemoV1_5\Cognex_V1_5\Logical\Libraries\BR_ATL_COG\BR_ATL_COG.fun
