<?xml version="1.0" encoding="utf-8"?>
<?AutomationStudio Version="4.6.3.55 SP"?>
<Objects>
  <Object
    Path="C:\Users\timothee.lelievre\Documents\GitHub\SFL3Deboxeur-24\RessourcesSFL3_2324\DeboxVision23\Projet_Logiciel\AS_46\pp70debox_Robot\Logical\Package.pkg"
    LogicalPath=""
    Type="Package.ParentUnknown"
    LastWriteTime="133503937386099794" />
  <Object
    Path="C:\Users\timothee.lelievre\Documents\GitHub\SFL3Deboxeur-24\RessourcesSFL3_2324\DeboxVision23\Projet_Logiciel\AS_46\pp70debox_Robot\Logical\Global.typ"
    LogicalPath="Global.typ"
    Type="File"
    LastWriteTime="133503937385469750"
    Private="false" />
  <Object
    Path="C:\Users\timothee.lelievre\Documents\GitHub\SFL3Deboxeur-24\RessourcesSFL3_2324\DeboxVision23\Projet_Logiciel\AS_46\pp70debox_Robot\Logical\Global.var"
    LogicalPath="Global.var"
    Type="File"
    LastWriteTime="133503937385469750"
    Private="false" />
  <Object
    Path="C:\Users\timothee.lelievre\Documents\GitHub\SFL3Deboxeur-24\RessourcesSFL3_2324\DeboxVision23\Projet_Logiciel\AS_46\pp70debox_Robot\Logical\Libraries\Package.pkg"
    LogicalPath="Libraries"
    Type="Package"
    LastWriteTime="133503937385709835" />
  <Object
    Path="C:\Users\timothee.lelievre\Documents\GitHub\SFL3Deboxeur-24\RessourcesSFL3_2324\DeboxVision23\Projet_Logiciel\AS_46\pp70debox_Robot\Logical\Libraries\operator\binary.lby"
    LogicalPath="Libraries.operator"
    Type="Library"
    LastWriteTime="133503937385769777" />
  <Object
    Path="C:\Users\timothee.lelievre\Documents\GitHub\SFL3Deboxeur-24\RessourcesSFL3_2324\DeboxVision23\Projet_Logiciel\AS_46\pp70debox_Robot\Logical\Libraries\operator\operator.fun"
    LogicalPath="Libraries.operator.operator.fun"
    Type="File"
    LastWriteTime="133503937385769777"
    Private="false" />
  <Object
    Path="C:\Users\timothee.lelievre\Documents\GitHub\SFL3Deboxeur-24\RessourcesSFL3_2324\DeboxVision23\Projet_Logiciel\AS_46\pp70debox_Robot\Logical\Libraries\operator\operator.typ"
    LogicalPath="Libraries.operator.operator.typ"
    Type="File"
    LastWriteTime="133503937385769777"
    Private="false" />
  <Object
    Path="C:\Users\timothee.lelievre\Documents\GitHub\SFL3Deboxeur-24\RessourcesSFL3_2324\DeboxVision23\Projet_Logiciel\AS_46\pp70debox_Robot\Logical\Libraries\operator\operator.var"
    LogicalPath="Libraries.operator.operator.var"
    Type="File"
    LastWriteTime="133503937386059709"
    Private="false" />
  <Object
    Path="C:\Users\timothee.lelievre\Documents\GitHub\SFL3Deboxeur-24\RessourcesSFL3_2324\DeboxVision23\Projet_Logiciel\AS_46\pp70debox_Robot\Logical\Libraries\runtime\binary.lby"
    LogicalPath="Libraries.runtime"
    Type="Library"
    LastWriteTime="133503937386089606" />
  <Object
    Path="C:\Users\timothee.lelievre\Documents\GitHub\SFL3Deboxeur-24\RessourcesSFL3_2324\DeboxVision23\Projet_Logiciel\AS_46\pp70debox_Robot\Logical\Libraries\runtime\runtime.fun"
    LogicalPath="Libraries.runtime.runtime.fun"
    Type="File"
    LastWriteTime="133503937386089606"
    Private="false" />
  <Object
    Path="C:\Users\timothee.lelievre\Documents\GitHub\SFL3Deboxeur-24\RessourcesSFL3_2324\DeboxVision23\Projet_Logiciel\AS_46\pp70debox_Robot\Logical\Libraries\runtime\runtime.typ"
    LogicalPath="Libraries.runtime.runtime.typ"
    Type="File"
    LastWriteTime="133503937386099794"
    Private="false" />
  <Object
    Path="C:\Users\timothee.lelievre\Documents\GitHub\SFL3Deboxeur-24\RessourcesSFL3_2324\DeboxVision23\Projet_Logiciel\AS_46\pp70debox_Robot\Logical\Libraries\runtime\runtime.var"
    LogicalPath="Libraries.runtime.runtime.var"
    Type="File"
    LastWriteTime="133503937386099794"
    Private="false" />
  <Object
    Path="C:\Users\timothee.lelievre\Documents\GitHub\SFL3Deboxeur-24\RessourcesSFL3_2324\DeboxVision23\Projet_Logiciel\AS_46\pp70debox_Robot\Logical\Libraries\astime\binary.lby"
    LogicalPath="Libraries.astime"
    Type="Library"
    LastWriteTime="133503937385749793" />
  <Object
    Path="C:\Users\timothee.lelievre\Documents\GitHub\SFL3Deboxeur-24\RessourcesSFL3_2324\DeboxVision23\Projet_Logiciel\AS_46\pp70debox_Robot\Logical\Libraries\astime\astime.fun"
    LogicalPath="Libraries.astime.astime.fun"
    Type="File"
    LastWriteTime="133503937385739811"
    Private="false" />
  <Object
    Path="C:\Users\timothee.lelievre\Documents\GitHub\SFL3Deboxeur-24\RessourcesSFL3_2324\DeboxVision23\Projet_Logiciel\AS_46\pp70debox_Robot\Logical\Libraries\astime\astime.typ"
    LogicalPath="Libraries.astime.astime.typ"
    Type="File"
    LastWriteTime="133503937385739811"
    Private="false" />
  <Object
    Path="C:\Users\timothee.lelievre\Documents\GitHub\SFL3Deboxeur-24\RessourcesSFL3_2324\DeboxVision23\Projet_Logiciel\AS_46\pp70debox_Robot\Logical\Libraries\astime\astime.var"
    LogicalPath="Libraries.astime.astime.var"
    Type="File"
    LastWriteTime="133503937385749793"
    Private="false" />
  <Object
    Path="C:\Users\timothee.lelievre\Documents\GitHub\SFL3Deboxeur-24\RessourcesSFL3_2324\DeboxVision23\Projet_Logiciel\AS_46\pp70debox_Robot\Logical\Libraries\AsIecCon\binary.lby"
    LogicalPath="Libraries.AsIecCon"
    Type="Library"
    LastWriteTime="133503937385709835" />
  <Object
    Path="C:\Users\timothee.lelievre\Documents\GitHub\SFL3Deboxeur-24\RessourcesSFL3_2324\DeboxVision23\Projet_Logiciel\AS_46\pp70debox_Robot\Logical\Libraries\AsIecCon\AsIecCon.fun"
    LogicalPath="Libraries.AsIecCon.AsIecCon.fun"
    Type="File"
    LastWriteTime="133503937385479747"
    Private="false" />
  <Object
    Path="C:\Users\timothee.lelievre\Documents\GitHub\SFL3Deboxeur-24\RessourcesSFL3_2324\DeboxVision23\Projet_Logiciel\AS_46\pp70debox_Robot\Logical\Libraries\AsIecCon\AsIecCon.typ"
    LogicalPath="Libraries.AsIecCon.AsIecCon.typ"
    Type="File"
    LastWriteTime="133503937385479747"
    Private="false" />
  <Object
    Path="C:\Users\timothee.lelievre\Documents\GitHub\SFL3Deboxeur-24\RessourcesSFL3_2324\DeboxVision23\Projet_Logiciel\AS_46\pp70debox_Robot\Logical\Libraries\AsIecCon\AsIecCon.var"
    LogicalPath="Libraries.AsIecCon.AsIecCon.var"
    Type="File"
    LastWriteTime="133503937385489738"
    Private="false" />
  <Object
    Path="C:\Users\timothee.lelievre\Documents\GitHub\SFL3Deboxeur-24\RessourcesSFL3_2324\DeboxVision23\Projet_Logiciel\AS_46\pp70debox_Robot\Logical\VisCtrl\IEC.prg"
    LogicalPath="VisCtrl"
    Type="Program"
    LastWriteTime="133503937389669035" />
  <Object
    Path="C:\Users\timothee.lelievre\Documents\GitHub\SFL3Deboxeur-24\RessourcesSFL3_2324\DeboxVision23\Projet_Logiciel\AS_46\pp70debox_Robot\Logical\VisCtrl\Cyclic.st"
    LogicalPath="VisCtrl.Cyclic.st"
    Type="File"
    LastWriteTime="133503937389659028"
    Private="false" />
  <Object
    Path="C:\Users\timothee.lelievre\Documents\GitHub\SFL3Deboxeur-24\RessourcesSFL3_2324\DeboxVision23\Projet_Logiciel\AS_46\pp70debox_Robot\Logical\VisCtrl\Init.st"
    LogicalPath="VisCtrl.Init.st"
    Type="File"
    LastWriteTime="133503937389669035"
    Private="false" />
  <Object
    Path="C:\Users\timothee.lelievre\Documents\GitHub\SFL3Deboxeur-24\RessourcesSFL3_2324\DeboxVision23\Projet_Logiciel\AS_46\pp70debox_Robot\Logical\VisCtrl\Exit.st"
    LogicalPath="VisCtrl.Exit.st"
    Type="File"
    LastWriteTime="133503937389669035"
    Private="false" />
  <Object
    Path="C:\Users\timothee.lelievre\Documents\GitHub\SFL3Deboxeur-24\RessourcesSFL3_2324\DeboxVision23\Projet_Logiciel\AS_46\pp70debox_Robot\Logical\VisCtrl\Types.typ"
    LogicalPath="VisCtrl.Types.typ"
    Type="File"
    LastWriteTime="133503937389679032"
    Private="true" />
  <Object
    Path="C:\Users\timothee.lelievre\Documents\GitHub\SFL3Deboxeur-24\RessourcesSFL3_2324\DeboxVision23\Projet_Logiciel\AS_46\pp70debox_Robot\Logical\VisCtrl\Variables.var"
    LogicalPath="VisCtrl.Variables.var"
    Type="File"
    LastWriteTime="133503937389689017"
    Private="true" />
  <Object
    Path="C:\Users\timothee.lelievre\Documents\GitHub\SFL3Deboxeur-24\RessourcesSFL3_2324\DeboxVision23\Projet_Logiciel\AS_46\pp70debox_Robot\Logical\VisuPP70sync\Vc.dob"
    LogicalPath="VisuPP70sync"
    Type="DataObject"
    LastWriteTime="133503937391178359" />
  <Object
    Path="C:\Users\timothee.lelievre\Documents\GitHub\SFL3Deboxeur-24\RessourcesSFL3_2324\DeboxVision23\Projet_Logiciel\AS_46\pp70debox_Robot\Logical\VisuPP70sync\VCObject.vc"
    LogicalPath="VisuPP70sync.VCObject.vc"
    Type="File"
    LastWriteTime="133503937391178359"
    Private="false" />
  <Object
    Path="C:\Users\timothee.lelievre\Documents\GitHub\SFL3Deboxeur-24\RessourcesSFL3_2324\DeboxVision23\Projet_Logiciel\AS_46\pp70debox_Robot\Physical\Config1\Config.pkg"
    LogicalPath="Config1"
    Type="Configuration.ParentUnknown"
    LastWriteTime="133503937391458198" />
  <Object
    Path="C:\Users\timothee.lelievre\Documents\GitHub\SFL3Deboxeur-24\RessourcesSFL3_2324\DeboxVision23\Projet_Logiciel\AS_46\pp70debox_Robot\Physical\Config1\Hardware.hw"
    LogicalPath="Config1.Hardware.hw"
    Type="File"
    LastWriteTime="133548974427797526"
    Private="false" />
  <Object
    Path="C:\Users\timothee.lelievre\Documents\GitHub\SFL3Deboxeur-24\RessourcesSFL3_2324\DeboxVision23\Projet_Logiciel\AS_46\pp70debox_Robot\Physical\Config1\Hardware.hwl"
    LogicalPath="Config1.Hardware.hwl"
    Type="File"
    LastWriteTime="133503937391458198"
    Private="false" />
  <Object
    Path="C:\Users\timothee.lelievre\Documents\GitHub\SFL3Deboxeur-24\RessourcesSFL3_2324\DeboxVision23\Projet_Logiciel\AS_46\pp70debox_Robot\Physical\Config1\4PPC70_0702_20B\Cpu.pkg"
    LogicalPath="Config1.4PPC70_0702_20B"
    Type="Cpu"
    LastWriteTime="133503937391318278" />
  <Object
    Path="C:\Users\timothee.lelievre\Documents\GitHub\SFL3Deboxeur-24\RessourcesSFL3_2324\DeboxVision23\Projet_Logiciel\AS_46\pp70debox_Robot\Physical\Config1\4PPC70_0702_20B\Cpu.sw"
    LogicalPath="Config1.4PPC70_0702_20B.Cpu.sw"
    Type="File"
    LastWriteTime="133503937391318278"
    Private="false" />
  <Object
    Path="C:\Users\timothee.lelievre\Documents\GitHub\SFL3Deboxeur-24\RessourcesSFL3_2324\DeboxVision23\Projet_Logiciel\AS_46\pp70debox_Robot\Physical\Config1\4PPC70_0702_20B\Cpu.per"
    LogicalPath="Config1.4PPC70_0702_20B.Cpu.per"
    Type="File"
    LastWriteTime="133503937391308295"
    Private="false" />
  <Object
    Path="C:\Users\timothee.lelievre\Documents\GitHub\SFL3Deboxeur-24\RessourcesSFL3_2324\DeboxVision23\Projet_Logiciel\AS_46\pp70debox_Robot\Physical\Config1\4PPC70_0702_20B\IoMap.iom"
    LogicalPath="Config1.4PPC70_0702_20B.IoMap.iom"
    Type="File"
    LastWriteTime="133503937391408239"
    Private="false" />
  <Object
    Path="C:\Users\timothee.lelievre\Documents\GitHub\SFL3Deboxeur-24\RessourcesSFL3_2324\DeboxVision23\Projet_Logiciel\AS_46\pp70debox_Robot\Physical\Config1\4PPC70_0702_20B\PvMap.vvm"
    LogicalPath="Config1.4PPC70_0702_20B.PvMap.vvm"
    Type="File"
    LastWriteTime="133503937391408239"
    Private="false" />
  <Object
    Path="C:\Users\timothee.lelievre\Documents\GitHub\SFL3Deboxeur-24\RessourcesSFL3_2324\DeboxVision23\Projet_Logiciel\AS_46\pp70debox_Robot\Physical\Config1\4PPC70_0702_20B\Connectivity\Package.pkg"
    LogicalPath="Config1.4PPC70_0702_20B.Connectivity"
    Type="Package"
    LastWriteTime="133503937391308295" />
  <Object
    Path="C:\Users\timothee.lelievre\Documents\GitHub\SFL3Deboxeur-24\RessourcesSFL3_2324\DeboxVision23\Projet_Logiciel\AS_46\pp70debox_Robot\Physical\Config1\4PPC70_0702_20B\Connectivity\OpcUA\Package.pkg"
    LogicalPath="Config1.4PPC70_0702_20B.Connectivity.OpcUA"
    Type="Package"
    LastWriteTime="133503937391308295" />
  <Object
    Path="C:\Users\timothee.lelievre\Documents\GitHub\SFL3Deboxeur-24\RessourcesSFL3_2324\DeboxVision23\Projet_Logiciel\AS_46\pp70debox_Robot\Physical\Config1\4PPC70_0702_20B\TextSystem\Package.pkg"
    LogicalPath="Config1.4PPC70_0702_20B.TextSystem"
    Type="Package"
    LastWriteTime="133503937391418226" />
  <Object
    Path="C:\Users\timothee.lelievre\Documents\GitHub\SFL3Deboxeur-24\RessourcesSFL3_2324\DeboxVision23\Projet_Logiciel\AS_46\pp70debox_Robot\Physical\Config1\4PPC70_0702_20B\UnitSystem\Package.pkg"
    LogicalPath="Config1.4PPC70_0702_20B.UnitSystem"
    Type="Package"
    LastWriteTime="133503937391418226" />
  <Object
    Path="C:\Users\timothee.lelievre\Documents\GitHub\SFL3Deboxeur-24\RessourcesSFL3_2324\DeboxVision23\Projet_Logiciel\AS_46\pp70debox_Robot\Physical\Config1\4PPC70_0702_20B\AccessAndSecurity\Package.pkg"
    LogicalPath="Config1.4PPC70_0702_20B.AccessAndSecurity"
    Type="Package"
    LastWriteTime="133503937391278301" />
  <Object
    Path="C:\Users\timothee.lelievre\Documents\GitHub\SFL3Deboxeur-24\RessourcesSFL3_2324\DeboxVision23\Projet_Logiciel\AS_46\pp70debox_Robot\Physical\Config1\4PPC70_0702_20B\AccessAndSecurity\UserRoleSystem\Package.pkg"
    LogicalPath="Config1.4PPC70_0702_20B.AccessAndSecurity.UserRoleSystem"
    Type="Package"
    LastWriteTime="133503937391288307" />
  <Object
    Path="C:\Users\timothee.lelievre\Documents\GitHub\SFL3Deboxeur-24\RessourcesSFL3_2324\DeboxVision23\Projet_Logiciel\AS_46\pp70debox_Robot\Physical\Config1\4PPC70_0702_20B\AccessAndSecurity\UserRoleSystem\Role.role"
    LogicalPath="Config1.4PPC70_0702_20B.AccessAndSecurity.UserRoleSystem.Role.role"
    Type="File"
    LastWriteTime="133503937391298313"
    Private="false" />
  <Object
    Path="C:\Users\timothee.lelievre\Documents\GitHub\SFL3Deboxeur-24\RessourcesSFL3_2324\DeboxVision23\Projet_Logiciel\AS_46\pp70debox_Robot\Physical\Config1\4PPC70_0702_20B\AccessAndSecurity\UserRoleSystem\User.user"
    LogicalPath="Config1.4PPC70_0702_20B.AccessAndSecurity.UserRoleSystem.User.user"
    Type="File"
    LastWriteTime="133503937391298313"
    Private="false" />
  <Object
    Path="C:\Users\timothee.lelievre\Documents\GitHub\SFL3Deboxeur-24\RessourcesSFL3_2324\DeboxVision23\Projet_Logiciel\AS_46\pp70debox_Robot\Physical\Config1\4PPC70_0702_20B\AccessAndSecurity\CertificateStore\Package.pkg"
    LogicalPath="Config1.4PPC70_0702_20B.AccessAndSecurity.CertificateStore"
    Type="Package"
    LastWriteTime="133503937391248323" />
  <Object
    Path="C:\Users\timothee.lelievre\Documents\GitHub\SFL3Deboxeur-24\RessourcesSFL3_2324\DeboxVision23\Projet_Logiciel\AS_46\pp70debox_Robot\Physical\Config1\4PPC70_0702_20B\AccessAndSecurity\CertificateStore\OwnCertificates\Package.pkg"
    LogicalPath="Config1.4PPC70_0702_20B.AccessAndSecurity.CertificateStore.OwnCertificates"
    Type="Package"
    LastWriteTime="133503937391228328" />
  <Object
    Path="C:\Users\timothee.lelievre\Documents\GitHub\SFL3Deboxeur-24\RessourcesSFL3_2324\DeboxVision23\Projet_Logiciel\AS_46\pp70debox_Robot\Physical\Config1\4PPC70_0702_20B\AccessAndSecurity\CertificateStore\OwnCertificates\Certificates\Package.pkg"
    LogicalPath="Config1.4PPC70_0702_20B.AccessAndSecurity.CertificateStore.OwnCertificates.Certificates"
    Type="Package"
    LastWriteTime="133503937391228328" />
  <Object
    Path="C:\Users\timothee.lelievre\Documents\GitHub\SFL3Deboxeur-24\RessourcesSFL3_2324\DeboxVision23\Projet_Logiciel\AS_46\pp70debox_Robot\Physical\Config1\4PPC70_0702_20B\AccessAndSecurity\CertificateStore\OwnCertificates\PrivateKeys\Package.pkg"
    LogicalPath="Config1.4PPC70_0702_20B.AccessAndSecurity.CertificateStore.OwnCertificates.PrivateKeys"
    Type="Package"
    LastWriteTime="133503937391248323" />
  <Object
    Path="C:\Users\timothee.lelievre\Documents\GitHub\SFL3Deboxeur-24\RessourcesSFL3_2324\DeboxVision23\Projet_Logiciel\AS_46\pp70debox_Robot\Physical\Config1\4PPC70_0702_20B\AccessAndSecurity\CertificateStore\ThirdPartyCertificates\Package.pkg"
    LogicalPath="Config1.4PPC70_0702_20B.AccessAndSecurity.CertificateStore.ThirdPartyCertificates"
    Type="Package"
    LastWriteTime="133503937391258358" />
  <Object
    Path="C:\Users\timothee.lelievre\Documents\GitHub\SFL3Deboxeur-24\RessourcesSFL3_2324\DeboxVision23\Projet_Logiciel\AS_46\pp70debox_Robot\Physical\Config1\4PPC70_0702_20B\AccessAndSecurity\CertificateStore\ThirdPartyCertificates\SoftwareCertificates\Package.pkg"
    LogicalPath="Config1.4PPC70_0702_20B.AccessAndSecurity.CertificateStore.ThirdPartyCertificates.SoftwareCertificates"
    Type="Package"
    LastWriteTime="133503937391258358" />
  <Object
    Path="C:\Users\timothee.lelievre\Documents\GitHub\SFL3Deboxeur-24\RessourcesSFL3_2324\DeboxVision23\Projet_Logiciel\AS_46\pp70debox_Robot\Physical\Config1\4PPC70_0702_20B\AccessAndSecurity\CertificateStore\CertificateRevocationLists\Package.pkg"
    LogicalPath="Config1.4PPC70_0702_20B.AccessAndSecurity.CertificateStore.CertificateRevocationLists"
    Type="Package"
    LastWriteTime="133503937391208341" />
  <Object
    Path="C:\Users\timothee.lelievre\Documents\GitHub\SFL3Deboxeur-24\RessourcesSFL3_2324\DeboxVision23\Projet_Logiciel\AS_46\pp70debox_Robot\Physical\Config1\4PPC70_0702_20B\AccessAndSecurity\CertificateStore\CertificateSigningRequests\Package.pkg"
    LogicalPath="Config1.4PPC70_0702_20B.AccessAndSecurity.CertificateStore.CertificateSigningRequests"
    Type="Package"
    LastWriteTime="133503937391218334" />
  <Object
    Path="C:\Users\timothee.lelievre\Documents\GitHub\SFL3Deboxeur-24\RessourcesSFL3_2324\DeboxVision23\Projet_Logiciel\AS_46\pp70debox_Robot\Physical\Config1\4PPC70_0702_20B\AccessAndSecurity\TransportLayerSecurity\Package.pkg"
    LogicalPath="Config1.4PPC70_0702_20B.AccessAndSecurity.TransportLayerSecurity"
    Type="Package"
    LastWriteTime="133503937391288307" />
  <Object
    Path="C:\Users\timothee.lelievre\Documents\GitHub\SFL3Deboxeur-24\RessourcesSFL3_2324\DeboxVision23\Projet_Logiciel\AS_46\pp70debox_Robot\Physical\Config1\4PPC70_0702_20B\AccessAndSecurity\Firewall\Package.pkg"
    LogicalPath="Config1.4PPC70_0702_20B.AccessAndSecurity.Firewall"
    Type="Package"
    LastWriteTime="133503937391268321" />
  <Object
    Path="C:\Users\timothee.lelievre\Documents\GitHub\SFL3Deboxeur-24\RessourcesSFL3_2324\DeboxVision23\Projet_Logiciel\AS_46\pp70debox_Robot\Physical\Config1\4PPC70_0702_20B\AccessAndSecurity\Firewall\Rules.firewallRules"
    LogicalPath="Config1.4PPC70_0702_20B.AccessAndSecurity.Firewall.Rules.firewallRules"
    Type="File"
    LastWriteTime="133503937391268321"
    Private="false" />
  <Object
    Path="C:\Users\timothee.lelievre\Documents\GitHub\SFL3Deboxeur-24\RessourcesSFL3_2324\DeboxVision23\Projet_Logiciel\AS_46\pp70debox_Robot\Physical\Config1\4PPC70_0702_20B\mappControl\Package.pkg"
    LogicalPath="Config1.4PPC70_0702_20B.mappControl"
    Type="Package"
    LastWriteTime="133503937391438209" />
  <Object
    Path="C:\Users\timothee.lelievre\Documents\GitHub\SFL3Deboxeur-24\RessourcesSFL3_2324\DeboxVision23\Projet_Logiciel\AS_46\pp70debox_Robot\Physical\Config1\4PPC70_0702_20B\mappMotion\Package.pkg"
    LogicalPath="Config1.4PPC70_0702_20B.mappMotion"
    Type="Package"
    LastWriteTime="133503937391448203" />
  <Object
    Path="C:\Users\timothee.lelievre\Documents\GitHub\SFL3Deboxeur-24\RessourcesSFL3_2324\DeboxVision23\Projet_Logiciel\AS_46\pp70debox_Robot\Physical\Config1\4PPC70_0702_20B\mappServices\Package.pkg"
    LogicalPath="Config1.4PPC70_0702_20B.mappServices"
    Type="Package"
    LastWriteTime="133503937391448203" />
  <Object
    Path="C:\Users\timothee.lelievre\Documents\GitHub\SFL3Deboxeur-24\RessourcesSFL3_2324\DeboxVision23\Projet_Logiciel\AS_46\pp70debox_Robot\Physical\Config1\4PPC70_0702_20B\mappView\Package.pkg"
    LogicalPath="Config1.4PPC70_0702_20B.mappView"
    Type="Package"
    LastWriteTime="133503937391458198" />
  <Object
    Path="C:\Users\timothee.lelievre\Documents\GitHub\SFL3Deboxeur-24\RessourcesSFL3_2324\DeboxVision23\Projet_Logiciel\AS_46\pp70debox_Robot\Physical\Config1\4PPC70_0702_20B\mappCockpit\Package.pkg"
    LogicalPath="Config1.4PPC70_0702_20B.mappCockpit"
    Type="Package"
    LastWriteTime="133503937391438209" />
  <Object
    Path="C:\Users\timothee.lelievre\Documents\GitHub\SFL3Deboxeur-24\RessourcesSFL3_2324\DeboxVision23\Projet_Logiciel\AS_46\pp70debox_Robot\Physical\Config1\4PPC70_0702_20B\VC\Package.pkg"
    LogicalPath="Config1.4PPC70_0702_20B.VC"
    Type="Package"
    LastWriteTime="133503937391428221" />
  <Object
    Path="C:\Users\timothee.lelievre\Documents\GitHub\SFL3Deboxeur-24\RessourcesSFL3_2324\DeboxVision23\Projet_Logiciel\AS_46\pp70debox_Robot\Physical\Config1\4PPC70_0702_20B\VC\4PPC70_0702_20B.dis"
    LogicalPath="Config1.4PPC70_0702_20B.VC.4PPC70_0702_20B.dis"
    Type="File"
    LastWriteTime="133503937391428221"
    Private="false" />
  <Object
    Path="C:\Users\timothee.lelievre\Documents\GitHub\SFL3Deboxeur-24\RessourcesSFL3_2324\DeboxVision23\Projet_Logiciel\AS_46\pp70debox_Robot\Physical\Config1\4PPC70_0702_20B\ExternalHardware\Package.pkg"
    LogicalPath="Config1.4PPC70_0702_20B.ExternalHardware"
    Type="Package"
    LastWriteTime="133503937391398235" />
  <Object
    Path="C:\Users\timothee.lelievre\Documents\GitHub\SFL3Deboxeur-24\RessourcesSFL3_2324\DeboxVision23\Projet_Logiciel\AS_46\pp70debox_Robot\Physical\Config1\4PPC70_0702_20B\ExternalHardware\ZDBAN416.ext"
    LogicalPath="Config1.4PPC70_0702_20B.ExternalHardware.ZDBAN416.ext"
    Type="File"
    LastWriteTime="133503937391398235"
    Private="false" />
  <Object
    Path="C:\Users\timothee.lelievre\Documents\GitHub\SFL3Deboxeur-24\RessourcesSFL3_2324\DeboxVision23\Projet_Logiciel\AS_46\pp70debox_Robot\Physical\Config1\4PPC70_0702_20B\ExternalHardware\ExternalHardwareDevices.xml"
    LogicalPath="Config1.4PPC70_0702_20B.ExternalHardware.ExternalHardwareDevices.xml"
    Type="File"
    LastWriteTime="133503937391388237"
    Private="false" />
  <Object
    Path="C:\Users\timothee.lelievre\Documents\GitHub\SFL3Deboxeur-24\RessourcesSFL3_2324\DeboxVision23\Projet_Logiciel\AS_46\pp70debox_Robot\Physical\Config1\4PPC70_0702_20B\DTM\Package.pkg"
    LogicalPath="Config1.4PPC70_0702_20B.DTM"
    Type="Package"
    LastWriteTime="133503937391328282" />
  <Object
    Path="C:\Users\timothee.lelievre\Documents\GitHub\SFL3Deboxeur-24\RessourcesSFL3_2324\DeboxVision23\Projet_Logiciel\AS_46\pp70debox_Robot\Physical\Config1\4PPC70_0702_20B\DTM\X20IF10D1_1\Package.pkg"
    LogicalPath="Config1.4PPC70_0702_20B.DTM.X20IF10D1_1"
    Type="Package"
    LastWriteTime="133503937391338270" />
  <Object
    Path="C:\Users\timothee.lelievre\Documents\GitHub\SFL3Deboxeur-24\RessourcesSFL3_2324\DeboxVision23\Projet_Logiciel\AS_46\pp70debox_Robot\Physical\Config1\4PPC70_0702_20B\DTM\X20IF10D1_1\X20IF10D1_1.dtm"
    LogicalPath="Config1.4PPC70_0702_20B.DTM.X20IF10D1_1.X20IF10D1_1.dtm"
    Type="File"
    LastWriteTime="133503937391358255"
    Private="false" />
  <Object
    Path="C:\Users\timothee.lelievre\Documents\GitHub\SFL3Deboxeur-24\RessourcesSFL3_2324\DeboxVision23\Projet_Logiciel\AS_46\pp70debox_Robot\Physical\Config1\4PPC70_0702_20B\DTM\X20IF10D1_1\X20IF10D1_1_IF1\Package.pkg"
    LogicalPath="Config1.4PPC70_0702_20B.DTM.X20IF10D1_1.X20IF10D1_1_IF1"
    Type="Package"
    LastWriteTime="133503937391368248" />
  <Object
    Path="C:\Users\timothee.lelievre\Documents\GitHub\SFL3Deboxeur-24\RessourcesSFL3_2324\DeboxVision23\Projet_Logiciel\AS_46\pp70debox_Robot\Physical\Config1\4PPC70_0702_20B\DTM\X20IF10D1_1\X20IF10D1_1_IF1\X20IF10D1_1_IF1.dtmdre"
    LogicalPath="Config1.4PPC70_0702_20B.DTM.X20IF10D1_1.X20IF10D1_1_IF1.X20IF10D1_1_IF1.dtmdre"
    Type="File"
    LastWriteTime="133503937391378243"
    Private="false" />
  <Object
    Path="C:\Users\timothee.lelievre\Documents\GitHub\SFL3Deboxeur-24\RessourcesSFL3_2324\DeboxVision23\Projet_Logiciel\AS_46\pp70debox_Robot\Physical\Config1\4PPC70_0702_20B\DTM\X20IF10D1_1\X20IF10D1_1_IF1\X20IF10D1_1_IF1.dtmdra"
    LogicalPath="Config1.4PPC70_0702_20B.DTM.X20IF10D1_1.X20IF10D1_1_IF1.X20IF10D1_1_IF1.dtmdra"
    Type="File"
    LastWriteTime="133503937391378243"
    Private="false" />
  <Object
    Path="C:\Users\timothee.lelievre\Documents\GitHub\SFL3Deboxeur-24\RessourcesSFL3_2324\DeboxVision23\Projet_Logiciel\AS_46\pp70debox_Robot\Physical\Config1\4PPC70_0702_20B\DTM\X20IF10D1_1\X20IF10D1_1_IF1\X20IF10D1_1_IF1.dtmtre"
    LogicalPath="Config1.4PPC70_0702_20B.DTM.X20IF10D1_1.X20IF10D1_1_IF1.X20IF10D1_1_IF1.dtmtre"
    Type="File"
    LastWriteTime="133503937391388237"
    Private="false" />
  <Object
    Path="C:\Users\timothee.lelievre\Documents\GitHub\SFL3Deboxeur-24\RessourcesSFL3_2324\DeboxVision23\Projet_Logiciel\AS_46\pp70debox_Robot\Physical\Config1\4PPC70_0702_20B\DTM\X20IF10D1_1\X20IF10D1_1_IF1\X20IF10D1_1_IF1.dtmdri"
    LogicalPath="Config1.4PPC70_0702_20B.DTM.X20IF10D1_1.X20IF10D1_1_IF1.X20IF10D1_1_IF1.dtmdri"
    Type="File"
    LastWriteTime="133503937391388237"
    Private="false" />
  <Object
    Path="C:\Users\timothee.lelievre\Documents\GitHub\SFL3Deboxeur-24\RessourcesSFL3_2324\DeboxVision23\Projet_Logiciel\AS_46\pp70debox_Robot\Physical\Config1\4PPC70_0702_20B\DTM\X20IF10D1_1\VS70_Series_V11_1\Package.pkg"
    LogicalPath="Config1.4PPC70_0702_20B.DTM.X20IF10D1_1.VS70_Series_V11_1"
    Type="Package"
    LastWriteTime="133503937391338270" />
  <Object
    Path="C:\Users\timothee.lelievre\Documents\GitHub\SFL3Deboxeur-24\RessourcesSFL3_2324\DeboxVision23\Projet_Logiciel\AS_46\pp70debox_Robot\Physical\Config1\4PPC70_0702_20B\DTM\X20IF10D1_1\VS70_Series_V11_1\VS70_Series_V11_1.dtmdre"
    LogicalPath="Config1.4PPC70_0702_20B.DTM.X20IF10D1_1.VS70_Series_V11_1.VS70_Series_V11_1.dtmdre"
    Type="File"
    LastWriteTime="133503937391348260"
    Private="false" />
  <Object
    Path="C:\Users\timothee.lelievre\Documents\GitHub\SFL3Deboxeur-24\RessourcesSFL3_2324\DeboxVision23\Projet_Logiciel\AS_46\pp70debox_Robot\Physical\Config1\4PPC70_0702_20B\DTM\X20IF10D1_1\VS70_Series_V11_1\VS70_Series_V11_1.dtmtre"
    LogicalPath="Config1.4PPC70_0702_20B.DTM.X20IF10D1_1.VS70_Series_V11_1.VS70_Series_V11_1.dtmtre"
    Type="File"
    LastWriteTime="133503937391358255"
    Private="false" />
  <Object
    Path="C:\Users\timothee.lelievre\Documents\GitHub\SFL3Deboxeur-24\RessourcesSFL3_2324\DeboxVision23\Projet_Logiciel\AS_46\pp70debox_Robot\Physical\Config1\4PPC70_0702_20B\DTM\X20IF10D1_1\VS70_Series_V11_1\VS70_Series_V11_1.dtmdri"
    LogicalPath="Config1.4PPC70_0702_20B.DTM.X20IF10D1_1.VS70_Series_V11_1.VS70_Series_V11_1.dtmdri"
    Type="File"
    LastWriteTime="133503937391358255"
    Private="false" />
  <Object
    Path="C:\Users\timothee.lelievre\Documents\GitHub\SFL3Deboxeur-24\RessourcesSFL3_2324\DeboxVision23\Projet_Logiciel\AS_46\pp70debox_Robot\Physical\Config1\Hardware.jpg"
    LogicalPath="Config1.Hardware.jpg"
    Type="File"
    LastWriteTime="133503937391468191"
    Private="false" />
</Objects>