C:\Users\lois.lemaitre\Documents\GitHub\SFL3Deboxeur-24\RessourcesSFL3_2324\DeboxRobotique23\Projet\DeboxPP70\Logical\Global.typ
C:\Users\lois.lemaitre\Documents\GitHub\SFL3Deboxeur-24\RessourcesSFL3_2324\DeboxRobotique23\Projet\DeboxPP70\Logical\Global.var
C:\Users\lois.lemaitre\Documents\GitHub\SFL3Deboxeur-24\RessourcesSFL3_2324\DeboxRobotique23\Projet\DeboxPP70\Logical\Libraries\operator\operator.fun
C:\Users\lois.lemaitre\Documents\GitHub\SFL3Deboxeur-24\RessourcesSFL3_2324\DeboxRobotique23\Projet\DeboxPP70\Logical\Libraries\operator\operator.typ
C:\Users\lois.lemaitre\Documents\GitHub\SFL3Deboxeur-24\RessourcesSFL3_2324\DeboxRobotique23\Projet\DeboxPP70\Logical\Libraries\operator\operator.var
C:\Users\lois.lemaitre\Documents\GitHub\SFL3Deboxeur-24\RessourcesSFL3_2324\DeboxRobotique23\Projet\DeboxPP70\Logical\Libraries\runtime\runtime.fun
C:\Users\lois.lemaitre\Documents\GitHub\SFL3Deboxeur-24\RessourcesSFL3_2324\DeboxRobotique23\Projet\DeboxPP70\Logical\Libraries\runtime\runtime.typ
C:\Users\lois.lemaitre\Documents\GitHub\SFL3Deboxeur-24\RessourcesSFL3_2324\DeboxRobotique23\Projet\DeboxPP70\Logical\Libraries\runtime\runtime.var
C:\Users\lois.lemaitre\Documents\GitHub\SFL3Deboxeur-24\RessourcesSFL3_2324\DeboxRobotique23\Projet\DeboxPP70\Logical\Libraries\astime\astime.fun
C:\Users\lois.lemaitre\Documents\GitHub\SFL3Deboxeur-24\RessourcesSFL3_2324\DeboxRobotique23\Projet\DeboxPP70\Logical\Libraries\astime\astime.typ
C:\Users\lois.lemaitre\Documents\GitHub\SFL3Deboxeur-24\RessourcesSFL3_2324\DeboxRobotique23\Projet\DeboxPP70\Logical\Libraries\astime\astime.var
C:\Users\lois.lemaitre\Documents\GitHub\SFL3Deboxeur-24\RessourcesSFL3_2324\DeboxRobotique23\Projet\DeboxPP70\Logical\Libraries\AsIecCon\AsIecCon.fun
C:\Users\lois.lemaitre\Documents\GitHub\SFL3Deboxeur-24\RessourcesSFL3_2324\DeboxRobotique23\Projet\DeboxPP70\Logical\Libraries\AsIecCon\AsIecCon.typ
C:\Users\lois.lemaitre\Documents\GitHub\SFL3Deboxeur-24\RessourcesSFL3_2324\DeboxRobotique23\Projet\DeboxPP70\Logical\Libraries\AsIecCon\AsIecCon.var
