C:\Users\timothee.lelievre\Documents\GitHub\SFL3Deboxeur-24\RessourcesSFL3_2324\DeboxVision23\Projet_Logiciel\AS_46\pp70debox_Robot\Logical\Global.typ
C:\Users\timothee.lelievre\Documents\GitHub\SFL3Deboxeur-24\RessourcesSFL3_2324\DeboxVision23\Projet_Logiciel\AS_46\pp70debox_Robot\Logical\Global.var
C:\Users\timothee.lelievre\Documents\GitHub\SFL3Deboxeur-24\RessourcesSFL3_2324\DeboxVision23\Projet_Logiciel\AS_46\pp70debox_Robot\Logical\Libraries\operator\operator.fun
C:\Users\timothee.lelievre\Documents\GitHub\SFL3Deboxeur-24\RessourcesSFL3_2324\DeboxVision23\Projet_Logiciel\AS_46\pp70debox_Robot\Logical\Libraries\operator\operator.typ
C:\Users\timothee.lelievre\Documents\GitHub\SFL3Deboxeur-24\RessourcesSFL3_2324\DeboxVision23\Projet_Logiciel\AS_46\pp70debox_Robot\Logical\Libraries\operator\operator.var
C:\Users\timothee.lelievre\Documents\GitHub\SFL3Deboxeur-24\RessourcesSFL3_2324\DeboxVision23\Projet_Logiciel\AS_46\pp70debox_Robot\Logical\Libraries\runtime\runtime.fun
C:\Users\timothee.lelievre\Documents\GitHub\SFL3Deboxeur-24\RessourcesSFL3_2324\DeboxVision23\Projet_Logiciel\AS_46\pp70debox_Robot\Logical\Libraries\runtime\runtime.typ
C:\Users\timothee.lelievre\Documents\GitHub\SFL3Deboxeur-24\RessourcesSFL3_2324\DeboxVision23\Projet_Logiciel\AS_46\pp70debox_Robot\Logical\Libraries\runtime\runtime.var
C:\Users\timothee.lelievre\Documents\GitHub\SFL3Deboxeur-24\RessourcesSFL3_2324\DeboxVision23\Projet_Logiciel\AS_46\pp70debox_Robot\Logical\Libraries\astime\astime.fun
C:\Users\timothee.lelievre\Documents\GitHub\SFL3Deboxeur-24\RessourcesSFL3_2324\DeboxVision23\Projet_Logiciel\AS_46\pp70debox_Robot\Logical\Libraries\astime\astime.typ
C:\Users\timothee.lelievre\Documents\GitHub\SFL3Deboxeur-24\RessourcesSFL3_2324\DeboxVision23\Projet_Logiciel\AS_46\pp70debox_Robot\Logical\Libraries\astime\astime.var
C:\Users\timothee.lelievre\Documents\GitHub\SFL3Deboxeur-24\RessourcesSFL3_2324\DeboxVision23\Projet_Logiciel\AS_46\pp70debox_Robot\Logical\Libraries\AsIecCon\AsIecCon.fun
C:\Users\timothee.lelievre\Documents\GitHub\SFL3Deboxeur-24\RessourcesSFL3_2324\DeboxVision23\Projet_Logiciel\AS_46\pp70debox_Robot\Logical\Libraries\AsIecCon\AsIecCon.typ
C:\Users\timothee.lelievre\Documents\GitHub\SFL3Deboxeur-24\RessourcesSFL3_2324\DeboxVision23\Projet_Logiciel\AS_46\pp70debox_Robot\Logical\Libraries\AsIecCon\AsIecCon.var
