<?xml version="1.0" encoding="utf-8"?>
<?AutomationStudio Version="4.6.3.55 SP"?>
<Objects>
  <Object
    Path="C:\projects\DeboxPP70\Logical\Package.pkg"
    LogicalPath=""
    Type="Package.ParentUnknown"
    LastWriteTime="133295596490741174" />
  <Object
    Path="C:\projects\DeboxPP70\Logical\Global.typ"
    LogicalPath="Global.typ"
    Type="File"
    LastWriteTime="133299959469881992"
    Private="false" />
  <Object
    Path="C:\projects\DeboxPP70\Logical\Global.var"
    LogicalPath="Global.var"
    Type="File"
    LastWriteTime="133299959697034669"
    Private="false" />
  <Object
    Path="C:\projects\DeboxPP70\Logical\Libraries\Package.pkg"
    LogicalPath="Libraries"
    Type="Package"
    LastWriteTime="133294177498701570" />
  <Object
    Path="C:\projects\DeboxPP70\Logical\Libraries\operator\binary.lby"
    LogicalPath="Libraries.operator"
    Type="Library"
    LastWriteTime="133294177472140328" />
  <Object
    Path="C:\projects\DeboxPP70\Logical\Libraries\operator\operator.fun"
    LogicalPath="Libraries.operator.operator.fun"
    Type="File"
    LastWriteTime="133294177471827979"
    Private="false" />
  <Object
    Path="C:\projects\DeboxPP70\Logical\Libraries\operator\operator.typ"
    LogicalPath="Libraries.operator.operator.typ"
    Type="File"
    LastWriteTime="133294177471984223"
    Private="false" />
  <Object
    Path="C:\projects\DeboxPP70\Logical\Libraries\operator\operator.var"
    LogicalPath="Libraries.operator.operator.var"
    Type="File"
    LastWriteTime="133294177472140328"
    Private="false" />
  <Object
    Path="C:\projects\DeboxPP70\Logical\Libraries\runtime\binary.lby"
    LogicalPath="Libraries.runtime"
    Type="Library"
    LastWriteTime="133294177480577305" />
  <Object
    Path="C:\projects\DeboxPP70\Logical\Libraries\runtime\runtime.fun"
    LogicalPath="Libraries.runtime.runtime.fun"
    Type="File"
    LastWriteTime="133294177480264826"
    Private="false" />
  <Object
    Path="C:\projects\DeboxPP70\Logical\Libraries\runtime\runtime.typ"
    LogicalPath="Libraries.runtime.runtime.typ"
    Type="File"
    LastWriteTime="133294177480421061"
    Private="false" />
  <Object
    Path="C:\projects\DeboxPP70\Logical\Libraries\runtime\runtime.var"
    LogicalPath="Libraries.runtime.runtime.var"
    Type="File"
    LastWriteTime="133294177480577305"
    Private="false" />
  <Object
    Path="C:\projects\DeboxPP70\Logical\Libraries\astime\binary.lby"
    LogicalPath="Libraries.astime"
    Type="Library"
    LastWriteTime="133294177489483011" />
  <Object
    Path="C:\projects\DeboxPP70\Logical\Libraries\astime\astime.fun"
    LogicalPath="Libraries.astime.astime.fun"
    Type="File"
    LastWriteTime="133294177489014279"
    Private="false" />
  <Object
    Path="C:\projects\DeboxPP70\Logical\Libraries\astime\astime.typ"
    LogicalPath="Libraries.astime.astime.typ"
    Type="File"
    LastWriteTime="133294177489326757"
    Private="false" />
  <Object
    Path="C:\projects\DeboxPP70\Logical\Libraries\astime\astime.var"
    LogicalPath="Libraries.astime.astime.var"
    Type="File"
    LastWriteTime="133294177489326757"
    Private="false" />
  <Object
    Path="C:\projects\DeboxPP70\Logical\Libraries\AsIecCon\binary.lby"
    LogicalPath="Libraries.AsIecCon"
    Type="Library"
    LastWriteTime="133294177498076216" />
  <Object
    Path="C:\projects\DeboxPP70\Logical\Libraries\AsIecCon\AsIecCon.fun"
    LogicalPath="Libraries.AsIecCon.AsIecCon.fun"
    Type="File"
    LastWriteTime="133294177497607495"
    Private="false" />
  <Object
    Path="C:\projects\DeboxPP70\Logical\Libraries\AsIecCon\AsIecCon.typ"
    LogicalPath="Libraries.AsIecCon.AsIecCon.typ"
    Type="File"
    LastWriteTime="133294177497920114"
    Private="false" />
  <Object
    Path="C:\projects\DeboxPP70\Logical\Libraries\AsIecCon\AsIecCon.var"
    LogicalPath="Libraries.AsIecCon.AsIecCon.var"
    Type="File"
    LastWriteTime="133294177497920114"
    Private="false" />
  <Object
    Path="C:\projects\DeboxPP70\Logical\Robot\IEC.prg"
    LogicalPath="Robot"
    Type="Program"
    LastWriteTime="133294948041305096" />
  <Object
    Path="C:\projects\DeboxPP70\Logical\Robot\Main.st"
    LogicalPath="Robot.Main.st"
    Type="File"
    LastWriteTime="133301710462121242"
    Private="false" />
  <Object
    Path="C:\projects\DeboxPP70\Logical\Robot\Types.typ"
    LogicalPath="Robot.Types.typ"
    Type="File"
    LastWriteTime="133300095239700830"
    Private="true" />
  <Object
    Path="C:\projects\DeboxPP70\Logical\Robot\Variables.var"
    LogicalPath="Robot.Variables.var"
    Type="File"
    LastWriteTime="133301692468742344"
    Private="true" />
  <Object
    Path="C:\projects\DeboxPP70\Logical\VisuRobot\Vc.dob"
    LogicalPath="VisuRobot"
    Type="DataObject"
    LastWriteTime="133295596490272461" />
  <Object
    Path="C:\projects\DeboxPP70\Logical\VisuRobot\VCObject.vc"
    LogicalPath="VisuRobot.VCObject.vc"
    Type="File"
    LastWriteTime="133295596490272461"
    Private="false" />
  <Object
    Path="C:\projects\DeboxPP70\Physical\Config230524\Config.pkg"
    LogicalPath="Config230524"
    Type="Configuration.ParentUnknown"
    LastWriteTime="133294177534792686" />
  <Object
    Path="C:\projects\DeboxPP70\Physical\Config230524\Hardware.hw"
    LogicalPath="Config230524.Hardware.hw"
    Type="File"
    LastWriteTime="133300796858836248"
    Private="false" />
  <Object
    Path="C:\projects\DeboxPP70\Physical\Config230524\Hardware.hwl"
    LogicalPath="Config230524.Hardware.hwl"
    Type="File"
    LastWriteTime="133300797208788905"
    Private="false" />
  <Object
    Path="C:\projects\DeboxPP70\Physical\Config230524\4PPC70_0702_20B\Cpu.pkg"
    LogicalPath="Config230524.4PPC70_0702_20B"
    Type="Cpu"
    LastWriteTime="133300965292788960" />
  <Object
    Path="C:\projects\DeboxPP70\Physical\Config230524\4PPC70_0702_20B\Cpu.sw"
    LogicalPath="Config230524.4PPC70_0702_20B.Cpu.sw"
    Type="File"
    LastWriteTime="133295596511356643"
    Private="false" />
  <Object
    Path="C:\projects\DeboxPP70\Physical\Config230524\4PPC70_0702_20B\Cpu.per"
    LogicalPath="Config230524.4PPC70_0702_20B.Cpu.per"
    Type="File"
    LastWriteTime="133294177502607181"
    Private="false" />
  <Object
    Path="C:\projects\DeboxPP70\Physical\Config230524\4PPC70_0702_20B\IoMap.iom"
    LogicalPath="Config230524.4PPC70_0702_20B.IoMap.iom"
    Type="File"
    LastWriteTime="133301838286951642"
    Private="false" />
  <Object
    Path="C:\projects\DeboxPP70\Physical\Config230524\4PPC70_0702_20B\PvMap.vvm"
    LogicalPath="Config230524.4PPC70_0702_20B.PvMap.vvm"
    Type="File"
    LastWriteTime="133294177502763430"
    Private="false" />
  <Object
    Path="C:\projects\DeboxPP70\Physical\Config230524\4PPC70_0702_20B\Connectivity\Package.pkg"
    LogicalPath="Config230524.4PPC70_0702_20B.Connectivity"
    Type="Package"
    LastWriteTime="133294177503544627" />
  <Object
    Path="C:\projects\DeboxPP70\Physical\Config230524\4PPC70_0702_20B\Connectivity\OpcUA\Package.pkg"
    LogicalPath="Config230524.4PPC70_0702_20B.Connectivity.OpcUA"
    Type="Package"
    LastWriteTime="133294177503544627" />
  <Object
    Path="C:\projects\DeboxPP70\Physical\Config230524\4PPC70_0702_20B\TextSystem\Package.pkg"
    LogicalPath="Config230524.4PPC70_0702_20B.TextSystem"
    Type="Package"
    LastWriteTime="133294177503700870" />
  <Object
    Path="C:\projects\DeboxPP70\Physical\Config230524\4PPC70_0702_20B\UnitSystem\Package.pkg"
    LogicalPath="Config230524.4PPC70_0702_20B.UnitSystem"
    Type="Package"
    LastWriteTime="133294177503857112" />
  <Object
    Path="C:\projects\DeboxPP70\Physical\Config230524\4PPC70_0702_20B\AccessAndSecurity\Package.pkg"
    LogicalPath="Config230524.4PPC70_0702_20B.AccessAndSecurity"
    Type="Package"
    LastWriteTime="133294177506044474" />
  <Object
    Path="C:\projects\DeboxPP70\Physical\Config230524\4PPC70_0702_20B\AccessAndSecurity\UserRoleSystem\Package.pkg"
    LogicalPath="Config230524.4PPC70_0702_20B.AccessAndSecurity.UserRoleSystem"
    Type="Package"
    LastWriteTime="133294177504482064" />
  <Object
    Path="C:\projects\DeboxPP70\Physical\Config230524\4PPC70_0702_20B\AccessAndSecurity\UserRoleSystem\Role.role"
    LogicalPath="Config230524.4PPC70_0702_20B.AccessAndSecurity.UserRoleSystem.Role.role"
    Type="File"
    LastWriteTime="133294177504325843"
    Private="false" />
  <Object
    Path="C:\projects\DeboxPP70\Physical\Config230524\4PPC70_0702_20B\AccessAndSecurity\UserRoleSystem\User.user"
    LogicalPath="Config230524.4PPC70_0702_20B.AccessAndSecurity.UserRoleSystem.User.user"
    Type="File"
    LastWriteTime="133294177504325843"
    Private="false" />
  <Object
    Path="C:\projects\DeboxPP70\Physical\Config230524\4PPC70_0702_20B\AccessAndSecurity\CertificateStore\Package.pkg"
    LogicalPath="Config230524.4PPC70_0702_20B.AccessAndSecurity.CertificateStore"
    Type="Package"
    LastWriteTime="133294177505575750" />
  <Object
    Path="C:\projects\DeboxPP70\Physical\Config230524\4PPC70_0702_20B\AccessAndSecurity\CertificateStore\OwnCertificates\Package.pkg"
    LogicalPath="Config230524.4PPC70_0702_20B.AccessAndSecurity.CertificateStore.OwnCertificates"
    Type="Package"
    LastWriteTime="133294177504950788" />
  <Object
    Path="C:\projects\DeboxPP70\Physical\Config230524\4PPC70_0702_20B\AccessAndSecurity\CertificateStore\OwnCertificates\Certificates\Package.pkg"
    LogicalPath="Config230524.4PPC70_0702_20B.AccessAndSecurity.CertificateStore.OwnCertificates.Certificates"
    Type="Package"
    LastWriteTime="133294177504794553" />
  <Object
    Path="C:\projects\DeboxPP70\Physical\Config230524\4PPC70_0702_20B\AccessAndSecurity\CertificateStore\OwnCertificates\PrivateKeys\Package.pkg"
    LogicalPath="Config230524.4PPC70_0702_20B.AccessAndSecurity.CertificateStore.OwnCertificates.PrivateKeys"
    Type="Package"
    LastWriteTime="133294177504950788" />
  <Object
    Path="C:\projects\DeboxPP70\Physical\Config230524\4PPC70_0702_20B\AccessAndSecurity\CertificateStore\ThirdPartyCertificates\Package.pkg"
    LogicalPath="Config230524.4PPC70_0702_20B.AccessAndSecurity.CertificateStore.ThirdPartyCertificates"
    Type="Package"
    LastWriteTime="133294177505263284" />
  <Object
    Path="C:\projects\DeboxPP70\Physical\Config230524\4PPC70_0702_20B\AccessAndSecurity\CertificateStore\ThirdPartyCertificates\SoftwareCertificates\Package.pkg"
    LogicalPath="Config230524.4PPC70_0702_20B.AccessAndSecurity.CertificateStore.ThirdPartyCertificates.SoftwareCertificates"
    Type="Package"
    LastWriteTime="133294177505263284" />
  <Object
    Path="C:\projects\DeboxPP70\Physical\Config230524\4PPC70_0702_20B\AccessAndSecurity\CertificateStore\CertificateRevocationLists\Package.pkg"
    LogicalPath="Config230524.4PPC70_0702_20B.AccessAndSecurity.CertificateStore.CertificateRevocationLists"
    Type="Package"
    LastWriteTime="133294177505419511" />
  <Object
    Path="C:\projects\DeboxPP70\Physical\Config230524\4PPC70_0702_20B\AccessAndSecurity\CertificateStore\CertificateSigningRequests\Package.pkg"
    LogicalPath="Config230524.4PPC70_0702_20B.AccessAndSecurity.CertificateStore.CertificateSigningRequests"
    Type="Package"
    LastWriteTime="133294177505575750" />
  <Object
    Path="C:\projects\DeboxPP70\Physical\Config230524\4PPC70_0702_20B\AccessAndSecurity\TransportLayerSecurity\Package.pkg"
    LogicalPath="Config230524.4PPC70_0702_20B.AccessAndSecurity.TransportLayerSecurity"
    Type="Package"
    LastWriteTime="133294177505731992" />
  <Object
    Path="C:\projects\DeboxPP70\Physical\Config230524\4PPC70_0702_20B\AccessAndSecurity\Firewall\Package.pkg"
    LogicalPath="Config230524.4PPC70_0702_20B.AccessAndSecurity.Firewall"
    Type="Package"
    LastWriteTime="133294177506044474" />
  <Object
    Path="C:\projects\DeboxPP70\Physical\Config230524\4PPC70_0702_20B\AccessAndSecurity\Firewall\Rules.firewallRules"
    LogicalPath="Config230524.4PPC70_0702_20B.AccessAndSecurity.Firewall.Rules.firewallRules"
    Type="File"
    LastWriteTime="133294177506044474"
    Private="false" />
  <Object
    Path="C:\projects\DeboxPP70\Physical\Config230524\4PPC70_0702_20B\mappControl\Package.pkg"
    LogicalPath="Config230524.4PPC70_0702_20B.mappControl"
    Type="Package"
    LastWriteTime="133294177506200710" />
  <Object
    Path="C:\projects\DeboxPP70\Physical\Config230524\4PPC70_0702_20B\mappMotion\Package.pkg"
    LogicalPath="Config230524.4PPC70_0702_20B.mappMotion"
    Type="Package"
    LastWriteTime="133294177506513190" />
  <Object
    Path="C:\projects\DeboxPP70\Physical\Config230524\4PPC70_0702_20B\mappServices\Package.pkg"
    LogicalPath="Config230524.4PPC70_0702_20B.mappServices"
    Type="Package"
    LastWriteTime="133294177506669433" />
  <Object
    Path="C:\projects\DeboxPP70\Physical\Config230524\4PPC70_0702_20B\mappView\Package.pkg"
    LogicalPath="Config230524.4PPC70_0702_20B.mappView"
    Type="Package"
    LastWriteTime="133294177506825670" />
  <Object
    Path="C:\projects\DeboxPP70\Physical\Config230524\4PPC70_0702_20B\mappCockpit\Package.pkg"
    LogicalPath="Config230524.4PPC70_0702_20B.mappCockpit"
    Type="Package"
    LastWriteTime="133294177506981912" />
  <Object
    Path="C:\projects\DeboxPP70\Physical\Config230524\4PPC70_0702_20B\VC\Package.pkg"
    LogicalPath="Config230524.4PPC70_0702_20B.VC"
    Type="Package"
    LastWriteTime="133294177529480524" />
  <Object
    Path="C:\projects\DeboxPP70\Physical\Config230524\4PPC70_0702_20B\VC\4PPC70_0702_20B.dis"
    LogicalPath="Config230524.4PPC70_0702_20B.VC.4PPC70_0702_20B.dis"
    Type="File"
    LastWriteTime="133294177529636763"
    Private="false" />
  <Object
    Path="C:\projects\DeboxPP70\Physical\Config230524\4PPC70_0702_20B\ExternalHardware\Package.pkg"
    LogicalPath="Config230524.4PPC70_0702_20B.ExternalHardware"
    Type="Package"
    LastWriteTime="133295632845391157" />
  <Object
    Path="C:\projects\DeboxPP70\Physical\Config230524\4PPC70_0702_20B\ExternalHardware\5MFAA1J0.ext"
    LogicalPath="Config230524.4PPC70_0702_20B.ExternalHardware.5MFAA1J0.ext"
    Type="File"
    LastWriteTime="133276666104786662"
    Private="false" />
  <Object
    Path="C:\projects\DeboxPP70\Physical\Config230524\4PPC70_0702_20B\ExternalHardware\ExternalHardwareDevices.xml"
    LogicalPath="Config230524.4PPC70_0702_20B.ExternalHardware.ExternalHardwareDevices.xml"
    Type="File"
    LastWriteTime="133295632845391157"
    Private="false" />
  <Object
    Path="C:\projects\DeboxPP70\Physical\Config230524\Hardware.jpg"
    LogicalPath="Config230524.Hardware.jpg"
    Type="File"
    LastWriteTime="133301838286795549"
    Private="false" />
</Objects>