C:\projects\pjafag\AfagP70\Temp\Includes\AS_TempDecl\Config1\GlobalComponents\MpComponents.var
C:\projects\pjafag\AfagP70\Logical\Global.typ
C:\projects\pjafag\AfagP70\Logical\Global.var
C:\projects\pjafag\AfagP70\Logical\Libraries\operator\operator.fun
C:\projects\pjafag\AfagP70\Logical\Libraries\operator\operator.typ
C:\projects\pjafag\AfagP70\Logical\Libraries\operator\operator.var
C:\projects\pjafag\AfagP70\Logical\Libraries\runtime\runtime.fun
C:\projects\pjafag\AfagP70\Logical\Libraries\runtime\runtime.typ
C:\projects\pjafag\AfagP70\Logical\Libraries\runtime\runtime.var
C:\projects\pjafag\AfagP70\Logical\Libraries\astime\astime.fun
C:\projects\pjafag\AfagP70\Logical\Libraries\astime\astime.typ
C:\projects\pjafag\AfagP70\Logical\Libraries\astime\astime.var
C:\projects\pjafag\AfagP70\Logical\Libraries\AsIecCon\AsIecCon.fun
C:\projects\pjafag\AfagP70\Logical\Libraries\AsIecCon\AsIecCon.typ
C:\projects\pjafag\AfagP70\Logical\Libraries\AsIecCon\AsIecCon.var
C:\projects\pjafag\AfagP70\Logical\Libraries\MpDatabase\MpDatabase.typ
C:\projects\pjafag\AfagP70\Logical\Libraries\MpDatabase\MpDatabaseError.typ
C:\projects\pjafag\AfagP70\Logical\Libraries\MpDatabase\MpDatabase.fun
C:\projects\pjafag\AfagP70\Logical\Libraries\MpBase\MpBase.typ
C:\projects\pjafag\AfagP70\Logical\Libraries\MpBase\MpBase.var
C:\projects\pjafag\AfagP70\Logical\Libraries\MpBase\MpBase.fun
C:\projects\pjafag\AfagP70\Logical\Libraries\AsHttp\AsHttp.fun
C:\projects\pjafag\AfagP70\Logical\Libraries\AsHttp\AsHttp.typ
C:\projects\pjafag\AfagP70\Logical\Libraries\AsHttp\AsHttp.var
C:\projects\pjafag\AfagP70\Logical\Libraries\AsIODiag\AsIODiag.fun
C:\projects\pjafag\AfagP70\Logical\Libraries\AsIODiag\AsIODiag.typ
C:\projects\pjafag\AfagP70\Logical\Libraries\AsIODiag\AsIODiag.var
